Running tests...
[32m.[0m[32m.[0m[32m.[0m[32m.[0m[32m.[0m[32m.[0m[32m.[0m[32m.[0m[32m.[0m[32m.[0m[32m.[0m[32m.[0m[32m.[0m[32m.[0m[32m.[0m[32m.[0m[32m.[0m[32m.[0m[32m.[0m[32m.[0m[32m.[0m[32m.[0m[32m.[0m[32m.[0mNo handlers could be found for logger ""
[32m.[0m00:18:18 test_workflow.py:151 DEBUG    This is a test message
00:18:18 test_workflow.py:151 DEBUG    This is a test message
00:18:18 workflow.py:431 INFO     Opening workflow log file
00:18:18 workflow.py:431 INFO     Opening workflow log file
00:18:18 workflow.py:960 DEBUG    Deleted : u'/Volumes/Users/daj/Library/Application Support/Alfred 2/Workflow Data/net.deanishe.alfred-workflow/settings.json'
00:18:18 workflow.py:960 DEBUG    Deleted : u'/Volumes/Users/daj/Library/Application Support/Alfred 2/Workflow Data/net.deanishe.alfred-workflow/settings.json'
00:18:18 workflow.py:960 DEBUG    Deleted : u'/Volumes/Users/daj/Library/Application Support/Alfred 2/Workflow Data/net.deanishe.alfred-workflow/settings.json'
00:18:18 workflow.py:431 INFO     Deleted workflow settings
00:18:18 workflow.py:431 INFO     Deleted workflow settings
00:18:18 workflow.py:431 INFO     Deleted workflow settings
00:18:18 workflow.py:595 DEBUG    Cached data saved at : /Volumes/Users/daj/Library/Caches/com.runningwithcrayons.Alfred-2/Workflow Data/net.deanishe.alfred-workflow/test.cache
00:18:18 workflow.py:595 DEBUG    Cached data saved at : /Volumes/Users/daj/Library/Caches/com.runningwithcrayons.Alfred-2/Workflow Data/net.deanishe.alfred-workflow/test.cache
00:18:18 workflow.py:595 DEBUG    Cached data saved at : /Volumes/Users/daj/Library/Caches/com.runningwithcrayons.Alfred-2/Workflow Data/net.deanishe.alfred-workflow/test.cache
00:18:18 workflow.py:595 DEBUG    Cached data saved at : /Volumes/Users/daj/Library/Caches/com.runningwithcrayons.Alfred-2/Workflow Data/net.deanishe.alfred-workflow/test.cache
00:18:18 workflow.py:954 DEBUG    Deleted : u'/Volumes/Users/daj/Library/Caches/com.runningwithcrayons.Alfred-2/Workflow Data/net.deanishe.alfred-workflow/net.deanishe.alfred-workflow.log'
00:18:18 workflow.py:954 DEBUG    Deleted : u'/Volumes/Users/daj/Library/Caches/com.runningwithcrayons.Alfred-2/Workflow Data/net.deanishe.alfred-workflow/net.deanishe.alfred-workflow.log'
00:18:18 workflow.py:954 DEBUG    Deleted : u'/Volumes/Users/daj/Library/Caches/com.runningwithcrayons.Alfred-2/Workflow Data/net.deanishe.alfred-workflow/net.deanishe.alfred-workflow.log'
00:18:18 workflow.py:954 DEBUG    Deleted : u'/Volumes/Users/daj/Library/Caches/com.runningwithcrayons.Alfred-2/Workflow Data/net.deanishe.alfred-workflow/net.deanishe.alfred-workflow.log'
00:18:18 workflow.py:954 DEBUG    Deleted : u'/Volumes/Users/daj/Library/Caches/com.runningwithcrayons.Alfred-2/Workflow Data/net.deanishe.alfred-workflow/somedir'
00:18:18 workflow.py:954 DEBUG    Deleted : u'/Volumes/Users/daj/Library/Caches/com.runningwithcrayons.Alfred-2/Workflow Data/net.deanishe.alfred-workflow/somedir'
00:18:18 workflow.py:954 DEBUG    Deleted : u'/Volumes/Users/daj/Library/Caches/com.runningwithcrayons.Alfred-2/Workflow Data/net.deanishe.alfred-workflow/somedir'
00:18:18 workflow.py:954 DEBUG    Deleted : u'/Volumes/Users/daj/Library/Caches/com.runningwithcrayons.Alfred-2/Workflow Data/net.deanishe.alfred-workflow/somedir'
00:18:18 workflow.py:954 DEBUG    Deleted : u'/Volumes/Users/daj/Library/Caches/com.runningwithcrayons.Alfred-2/Workflow Data/net.deanishe.alfred-workflow/test.cache'
00:18:18 workflow.py:954 DEBUG    Deleted : u'/Volumes/Users/daj/Library/Caches/com.runningwithcrayons.Alfred-2/Workflow Data/net.deanishe.alfred-workflow/test.cache'
00:18:18 workflow.py:954 DEBUG    Deleted : u'/Volumes/Users/daj/Library/Caches/com.runningwithcrayons.Alfred-2/Workflow Data/net.deanishe.alfred-workflow/test.cache'
00:18:18 workflow.py:954 DEBUG    Deleted : u'/Volumes/Users/daj/Library/Caches/com.runningwithcrayons.Alfred-2/Workflow Data/net.deanishe.alfred-workflow/test.cache'
00:18:18 workflow.py:431 INFO     Deleted workflow cache
00:18:18 workflow.py:431 INFO     Deleted workflow cache
00:18:18 workflow.py:431 INFO     Deleted workflow cache
00:18:18 workflow.py:431 INFO     Deleted workflow cache
[32m.[0m
Name                                                        Stmts   Miss  Cover   Missing
-----------------------------------------------------------------------------------------
/Volumes/Users/daj/Code/alfred-workflow/workflow/__init__       3      0   100%   
/Volumes/Users/daj/Code/alfred-workflow/workflow/web          154      0   100%   
/Volumes/Users/daj/Code/alfred-workflow/workflow/workflow     354    103    71%   588-591, 610, 626, 667-760, 775-791, 860-862, 882-896, 912-917, 931-935, 1035-1047
lib/youcanimportme                                              0      0   100%   
test_web                                                      120      0   100%   
test_workflow                                                 169      0   100%   
-----------------------------------------------------------------------------------------
TOTAL                                                         800    103    87%   
nose.plugins.cover: ERROR: TOTAL Coverage did not reach minimum required: 100%
FAILURE
